// Vitest Snapshot v1

exports[`convert_pgn_to_json > doesn't error 1`] = `"[{\\"Event\\":\\"Rated Bullet game\\",\\"Site\\":\\"https://lichess.org/CdwUKIHh\\",\\"Date\\":\\"2022.06.29\\",\\"White\\":\\"DrNykterstein\\",\\"Black\\":\\"Blazinq\\",\\"Result\\":\\"1-0\\",\\"UTCDate\\":\\"2022.06.29\\",\\"UTCTime\\":\\"22:34:25\\",\\"WhiteElo\\":\\"3279\\",\\"BlackElo\\":\\"3038\\",\\"WhiteRatingDiff\\":\\"+2\\",\\"BlackRatingDiff\\":\\"-2\\",\\"WhiteTitle\\":\\"GM\\",\\"BlackTitle\\":\\"FM\\",\\"Variant\\":\\"Standard\\",\\"TimeControl\\":\\"60+0\\",\\"ECO\\":\\"B23\\",\\"Opening\\":\\"Sicilian Defense: Closed\\",\\"Termination\\":\\"Normal\\",\\"moves\\":[{\\"m\\":\\"e4\\",\\"e\\":\\"0.33\\",\\"c\\":\\"0:01:00\\"},{\\"m\\":\\"c5\\",\\"e\\":\\"0.32\\",\\"c\\":\\"0:01:00\\"},{\\"m\\":\\"Nc3\\",\\"e\\":\\"0.24\\",\\"c\\":\\"0:01:00\\"},{\\"m\\":\\"d6\\",\\"e\\":\\"0.36\\",\\"c\\":\\"0:00:59\\"},{\\"m\\":\\"f4\\",\\"e\\":\\"0.0\\",\\"c\\":\\"0:01:00\\"},{\\"m\\":\\"g6\\",\\"e\\":\\"0.15\\",\\"c\\":\\"0:00:58\\"},{\\"m\\":\\"Nf3\\",\\"e\\":\\"0.0\\",\\"c\\":\\"0:01:00\\"},{\\"m\\":\\"Bg7\\",\\"e\\":\\"0.0\\",\\"c\\":\\"0:00:58\\"},{\\"m\\":\\"Bb5+\\",\\"e\\":\\"0.0\\",\\"c\\":\\"0:00:59\\"},{\\"m\\":\\"Bd7\\",\\"e\\":\\"0.06\\",\\"c\\":\\"0:00:58\\"},{\\"m\\":\\"a4\\",\\"e\\":\\"0.03\\",\\"c\\":\\"0:00:58\\"},{\\"m\\":\\"a6\\",\\"e\\":\\"0.28\\",\\"c\\":\\"0:00:56\\"},{\\"m\\":\\"Bc4\\",\\"e\\":\\"-0.02\\",\\"c\\":\\"0:00:57\\"},{\\"m\\":\\"e6\\",\\"e\\":\\"0.0\\",\\"c\\":\\"0:00:55\\"},{\\"m\\":\\"O-O\\",\\"e\\":\\"-0.48\\",\\"c\\":\\"0:00:57\\"},{\\"m\\":\\"Ne7\\",\\"e\\":\\"0.14\\",\\"c\\":\\"0:00:54\\"},{\\"m\\":\\"d3\\",\\"e\\":\\"-0.36\\",\\"c\\":\\"0:00:56\\"},{\\"m\\":\\"O-O\\",\\"e\\":\\"-0.08\\",\\"c\\":\\"0:00:54\\"},{\\"m\\":\\"Qe1\\",\\"e\\":\\"-0.23\\",\\"c\\":\\"0:00:56\\"},{\\"m\\":\\"Nbc6\\",\\"e\\":\\"-0.22\\",\\"c\\":\\"0:00:53\\"},{\\"m\\":\\"f5\\",\\"e\\":\\"-0.42\\",\\"c\\":\\"0:00:55\\"},{\\"m\\":\\"gxf5\\",\\"e\\":\\"-0.44\\",\\"c\\":\\"0:00:52\\"},{\\"m\\":\\"Qh4\\",\\"e\\":\\"-1.58\\",\\"c\\":\\"0:00:55\\"},{\\"m\\":\\"Ng6\\",\\"e\\":\\"-0.22\\",\\"c\\":\\"0:00:51\\"},{\\"m\\":\\"Qh5\\",\\"e\\":\\"-0.69\\",\\"c\\":\\"0:00:54\\"},{\\"m\\":\\"Nce5\\",\\"e\\":\\"0.11\\",\\"c\\":\\"0:00:47\\"},{\\"m\\":\\"exf5\\",\\"e\\":\\"-0.39\\",\\"c\\":\\"0:00:52\\"},{\\"m\\":\\"Nxc4\\",\\"e\\":\\"6.95\\",\\"c\\":\\"0:00:42\\"},{\\"m\\":\\"Ng5\\",\\"e\\":\\"6.56\\",\\"c\\":\\"0:00:48\\"},{\\"m\\":\\"h6\\",\\"e\\":\\"6.68\\",\\"c\\":\\"0:00:39\\"},{\\"m\\":\\"f6\\",\\"e\\":\\"6.27\\",\\"c\\":\\"0:00:46\\"},{\\"m\\":\\"hxg5\\",\\"e\\":\\"5.7\\",\\"c\\":\\"0:00:30\\"},{\\"m\\":\\"Bxg5\\",\\"e\\":\\"5.38\\",\\"c\\":\\"0:00:42\\"},{\\"m\\":\\"Re8\\",\\"e\\":\\"7.51\\",\\"c\\":\\"0:00:16\\"},{\\"m\\":\\"fxg7\\",\\"e\\":\\"7.39\\",\\"c\\":\\"0:00:39\\"},{\\"m\\":\\"Qb6\\",\\"e\\":\\"14.21\\",\\"c\\":\\"0:00:16\\"},{\\"m\\":\\"Bf6\\",\\"e\\":\\"#2\\",\\"c\\":\\"0:00:34\\"}]}]"`;

exports[`convert_pgn_to_json > handles multiple game in a single file 1`] = `"[{\\"Event\\":\\"Rated Bullet game\\",\\"Site\\":\\"https://lichess.org/n7iv9mHF\\",\\"Date\\":\\"2022.06.29\\",\\"White\\":\\"Blazinq\\",\\"Black\\":\\"DrNykterstein\\",\\"Result\\":\\"0-1\\",\\"UTCDate\\":\\"2022.06.29\\",\\"UTCTime\\":\\"22:39:15\\",\\"WhiteElo\\":\\"3031\\",\\"BlackElo\\":\\"3286\\",\\"WhiteRatingDiff\\":\\"-2\\",\\"BlackRatingDiff\\":\\"+2\\",\\"WhiteTitle\\":\\"FM\\",\\"BlackTitle\\":\\"GM\\",\\"Variant\\":\\"Standard\\",\\"TimeControl\\":\\"60+0\\",\\"ECO\\":\\"B21\\",\\"Opening\\":\\"Sicilian Defense: Smith-Morra Gambit Accepted, Paulsen Formation\\",\\"Termination\\":\\"Normal\\",\\"moves\\":[{\\"m\\":\\"e4\\",\\"e\\":\\"0.33\\",\\"c\\":\\"0:01:00\\"},{\\"m\\":\\"c5\\",\\"e\\":\\"0.32\\",\\"c\\":\\"0:01:00\\"},{\\"m\\":\\"Nf3\\",\\"e\\":\\"0.0\\",\\"c\\":\\"0:00:59\\"},{\\"m\\":\\"Nc6\\",\\"e\\":\\"0.0\\",\\"c\\":\\"0:01:00\\"},{\\"m\\":\\"d4\\",\\"e\\":\\"0.39\\",\\"c\\":\\"0:00:58\\"},{\\"m\\":\\"cxd4\\",\\"e\\":\\"0.38\\",\\"c\\":\\"0:01:00\\"},{\\"m\\":\\"c3\\",\\"e\\":\\"-0.3\\",\\"c\\":\\"0:00:58\\"},{\\"m\\":\\"dxc3\\",\\"e\\":\\"-0.29\\",\\"c\\":\\"0:00:59\\"},{\\"m\\":\\"Nxc3\\",\\"e\\":\\"-0.64\\",\\"c\\":\\"0:00:58\\"},{\\"m\\":\\"e6\\",\\"e\\":\\"-0.12\\",\\"c\\":\\"0:00:58\\"},{\\"m\\":\\"Bc4\\",\\"e\\":\\"-0.4\\",\\"c\\":\\"0:00:57\\"},{\\"m\\":\\"a6\\",\\"e\\":\\"-0.36\\",\\"c\\":\\"0:00:58\\"},{\\"m\\":\\"O-O\\",\\"e\\":\\"-0.23\\",\\"c\\":\\"0:00:57\\"},{\\"m\\":\\"Nge7\\",\\"e\\":\\"-0.33\\",\\"c\\":\\"0:00:57\\"},{\\"m\\":\\"Re1\\",\\"e\\":\\"-0.29\\",\\"c\\":\\"0:00:56\\"},{\\"m\\":\\"Ng6\\",\\"e\\":\\"-0.38\\",\\"c\\":\\"0:00:56\\"},{\\"m\\":\\"Nd5\\",\\"e\\":\\"-0.75\\",\\"c\\":\\"0:00:55\\"},{\\"m\\":\\"Bc5\\",\\"e\\":\\"-0.63\\",\\"c\\":\\"0:00:54\\"},{\\"m\\":\\"Bg5\\",\\"e\\":\\"-0.58\\",\\"c\\":\\"0:00:53\\"},{\\"m\\":\\"f6\\",\\"e\\":\\"-0.54\\",\\"c\\":\\"0:00:54\\"},{\\"m\\":\\"Be3\\",\\"e\\":\\"-0.63\\",\\"c\\":\\"0:00:52\\"},{\\"m\\":\\"Bxe3\\",\\"e\\":\\"-0.53\\",\\"c\\":\\"0:00:53\\"},{\\"m\\":\\"Nxe3\\",\\"e\\":\\"-0.56\\",\\"c\\":\\"0:00:52\\"},{\\"m\\":\\"O-O\\",\\"e\\":\\"-0.22\\",\\"c\\":\\"0:00:52\\"},{\\"m\\":\\"h4\\",\\"e\\":\\"-0.86\\",\\"c\\":\\"0:00:52\\"},{\\"m\\":\\"b5\\",\\"e\\":\\"-0.89\\",\\"c\\":\\"0:00:52\\"},{\\"m\\":\\"Bb3\\",\\"e\\":\\"-0.93\\",\\"c\\":\\"0:00:51\\"},{\\"m\\":\\"Nge5\\",\\"e\\":\\"-1.14\\",\\"c\\":\\"0:00:50\\"},{\\"m\\":\\"Nxe5\\",\\"e\\":\\"-1.47\\",\\"c\\":\\"0:00:50\\"},{\\"m\\":\\"Nxe5\\",\\"e\\":\\"-0.87\\",\\"c\\":\\"0:00:50\\"},{\\"m\\":\\"Qd6\\",\\"e\\":\\"-0.98\\",\\"c\\":\\"0:00:49\\"},{\\"m\\":\\"Bb7\\",\\"e\\":\\"0.44\\",\\"c\\":\\"0:00:49\\"},{\\"m\\":\\"f3\\",\\"e\\":\\"-1.5\\",\\"c\\":\\"0:00:46\\"},{\\"m\\":\\"Bc6\\",\\"e\\":\\"-0.18\\",\\"c\\":\\"0:00:48\\"},{\\"m\\":\\"Red1\\",\\"e\\":\\"-1.8\\",\\"c\\":\\"0:00:46\\"},{\\"m\\":\\"Qb8\\",\\"e\\":\\"-0.75\\",\\"c\\":\\"0:00:48\\"},{\\"m\\":\\"Qe7\\",\\"e\\":\\"-3.97\\",\\"c\\":\\"0:00:44\\"},{\\"m\\":\\"Qa7\\",\\"e\\":\\"-4.08\\",\\"c\\":\\"0:00:47\\"},{\\"m\\":\\"Kf2\\",\\"e\\":\\"-4.3\\",\\"c\\":\\"0:00:40\\"},{\\"m\\":\\"Rf7\\",\\"e\\":\\"-1.49\\",\\"c\\":\\"0:00:43\\"},{\\"m\\":\\"Qd6\\",\\"e\\":\\"-2.52\\",\\"c\\":\\"0:00:39\\"},{\\"m\\":\\"Bxe4\\",\\"e\\":\\"-2.32\\",\\"c\\":\\"0:00:42\\"},{\\"m\\":\\"Qd4\\",\\"e\\":\\"-2.71\\",\\"c\\":\\"0:00:35\\"},{\\"m\\":\\"Qxd4\\",\\"e\\":\\"-2.46\\",\\"c\\":\\"0:00:41\\"},{\\"m\\":\\"Rxd4\\",\\"e\\":\\"-2.66\\",\\"c\\":\\"0:00:35\\"},{\\"m\\":\\"Bc6\\",\\"e\\":\\"-2.02\\",\\"c\\":\\"0:00:40\\"},{\\"m\\":\\"Rad1\\",\\"e\\":\\"-4.26\\",\\"c\\":\\"0:00:35\\"},{\\"m\\":\\"a5\\",\\"e\\":\\"-2.91\\",\\"c\\":\\"0:00:38\\"},{\\"m\\":\\"f4\\",\\"e\\":\\"-2.8\\",\\"c\\":\\"0:00:33\\"},{\\"m\\":\\"Ng6\\",\\"e\\":\\"-0.61\\",\\"c\\":\\"0:00:37\\"},{\\"m\\":\\"f5\\",\\"e\\":\\"-0.58\\",\\"c\\":\\"0:00:32\\"},{\\"m\\":\\"Nf8\\",\\"e\\":\\"-0.74\\",\\"c\\":\\"0:00:37\\"},{\\"m\\":\\"fxe6\\",\\"e\\":\\"-1.51\\",\\"c\\":\\"0:00:31\\"},{\\"m\\":\\"dxe6\\",\\"e\\":\\"-1.59\\",\\"c\\":\\"0:00:36\\"},{\\"m\\":\\"Rd6\\",\\"e\\":\\"-1.54\\",\\"c\\":\\"0:00:31\\"},{\\"m\\":\\"Bd7\\",\\"e\\":\\"-0.55\\",\\"c\\":\\"0:00:36\\"},{\\"m\\":\\"a3\\",\\"e\\":\\"-1.62\\",\\"c\\":\\"0:00:27\\"},{\\"m\\":\\"a4\\",\\"e\\":\\"-1.53\\",\\"c\\":\\"0:00:35\\"},{\\"m\\":\\"Ba2\\",\\"e\\":\\"-1.66\\",\\"c\\":\\"0:00:27\\"},{\\"m\\":\\"g6\\",\\"e\\":\\"-1.01\\",\\"c\\":\\"0:00:33\\"},{\\"m\\":\\"Nc2\\",\\"e\\":\\"-2.35\\",\\"c\\":\\"0:00:26\\"},{\\"m\\":\\"Kg7\\",\\"e\\":\\"-2.21\\",\\"c\\":\\"0:00:33\\"},{\\"m\\":\\"Nb4\\",\\"e\\":\\"-2.17\\",\\"c\\":\\"0:00:26\\"},{\\"m\\":\\"Rc8\\",\\"e\\":\\"-2.4\\",\\"c\\":\\"0:00:31\\"},{\\"m\\":\\"R1d2\\",\\"e\\":\\"-2.88\\",\\"c\\":\\"0:00:25\\"},{\\"m\\":\\"Re7\\",\\"e\\":\\"-2.53\\",\\"c\\":\\"0:00:31\\"},{\\"m\\":\\"Rb6\\",\\"e\\":\\"-2.43\\",\\"c\\":\\"0:00:23\\"},{\\"m\\":\\"Be8\\",\\"e\\":\\"-1.97\\",\\"c\\":\\"0:00:30\\"},{\\"m\\":\\"Bb1\\",\\"e\\":\\"-2.59\\",\\"c\\":\\"0:00:22\\"},{\\"m\\":\\"f5\\",\\"e\\":\\"-2.74\\",\\"c\\":\\"0:00:28\\"},{\\"m\\":\\"Bd3\\",\\"e\\":\\"-2.82\\",\\"c\\":\\"0:00:22\\"},{\\"m\\":\\"Rd8\\",\\"e\\":\\"-2.69\\",\\"c\\":\\"0:00:27\\"},{\\"m\\":\\"Re2\\",\\"e\\":\\"-3.0\\",\\"c\\":\\"0:00:20\\"},{\\"m\\":\\"e5\\",\\"e\\":\\"-2.99\\",\\"c\\":\\"0:00:27\\"},{\\"m\\":\\"Bxb5\\",\\"e\\":\\"-3.15\\",\\"c\\":\\"0:00:19\\"},{\\"m\\":\\"Bxb5\\",\\"e\\":\\"-0.18\\",\\"c\\":\\"0:00:27\\"},{\\"m\\":\\"Rxb5\\",\\"e\\":\\"-0.16\\",\\"c\\":\\"0:00:19\\"},{\\"m\\":\\"Rd4\\",\\"e\\":\\"-0.16\\",\\"c\\":\\"0:00:22\\"},{\\"m\\":\\"Rbxe5\\",\\"e\\":\\"-0.33\\",\\"c\\":\\"0:00:17\\"},{\\"m\\":\\"Rxe5\\",\\"e\\":\\"-0.32\\",\\"c\\":\\"0:00:21\\"},{\\"m\\":\\"Rxe5\\",\\"e\\":\\"-0.22\\",\\"c\\":\\"0:00:17\\"},{\\"m\\":\\"Rxh4\\",\\"e\\":\\"-0.4\\",\\"c\\":\\"0:00:20\\"},{\\"m\\":\\"Re7+\\",\\"e\\":\\"-0.63\\",\\"c\\":\\"0:00:16\\"},{\\"m\\":\\"Kf6\\",\\"e\\":\\"-0.4\\",\\"c\\":\\"0:00:19\\"},{\\"m\\":\\"Ra7\\",\\"e\\":\\"-0.81\\",\\"c\\":\\"0:00:16\\"},{\\"m\\":\\"Rf4+\\",\\"e\\":\\"-0.92\\",\\"c\\":\\"0:00:18\\"},{\\"m\\":\\"Kg1\\",\\"e\\":\\"-1.18\\",\\"c\\":\\"0:00:15\\"},{\\"m\\":\\"Rd4\\",\\"e\\":\\"-1.37\\",\\"c\\":\\"0:00:17\\"},{\\"m\\":\\"Rxa4\\",\\"e\\":\\"-1.17\\",\\"c\\":\\"0:00:14\\"},{\\"m\\":\\"Ne6\\",\\"e\\":\\"-1.12\\",\\"c\\":\\"0:00:17\\"},{\\"m\\":\\"Ra6\\",\\"e\\":\\"-0.61\\",\\"c\\":\\"0:00:13\\"},{\\"m\\":\\"Rd2\\",\\"e\\":\\"-1.15\\",\\"c\\":\\"0:00:16\\"},{\\"m\\":\\"b3\\",\\"e\\":\\"-2.1\\",\\"c\\":\\"0:00:12\\"},{\\"m\\":\\"Ke5\\",\\"e\\":\\"-1.54\\",\\"c\\":\\"0:00:15\\"},{\\"m\\":\\"Nc6+\\",\\"e\\":\\"-1.5\\",\\"c\\":\\"0:00:11\\"},{\\"m\\":\\"Kf4\\",\\"e\\":\\"-1.82\\",\\"c\\":\\"0:00:15\\"},{\\"m\\":\\"Ne7\\",\\"e\\":\\"-7.0\\",\\"c\\":\\"0:00:09\\"},{\\"m\\":\\"Kg3\\",\\"e\\":\\"-8.0\\",\\"c\\":\\"0:00:14\\"},{\\"m\\":\\"Kf1\\",\\"e\\":\\"-7.62\\",\\"c\\":\\"0:00:09\\"},{\\"m\\":\\"Nf4\\",\\"e\\":\\"-7.7\\",\\"c\\":\\"0:00:13\\"},{\\"m\\":\\"Ke1\\",\\"e\\":\\"-8.92\\",\\"c\\":\\"0:00:08\\"},{\\"m\\":\\"Rxg2\\",\\"e\\":\\"-5.14\\",\\"c\\":\\"0:00:13\\"},{\\"m\\":\\"a4\\",\\"e\\":\\"-8.85\\",\\"c\\":\\"0:00:07\\"},{\\"m\\":\\"h5\\",\\"e\\":\\"-3.15\\",\\"c\\":\\"0:00:12\\"},{\\"m\\":\\"Kd1\\",\\"e\\":\\"-6.56\\",\\"c\\":\\"0:00:07\\"},{\\"m\\":\\"h4\\",\\"e\\":\\"-6.4\\",\\"c\\":\\"0:00:12\\"},{\\"m\\":\\"Ra8\\",\\"e\\":\\"-8.44\\",\\"c\\":\\"0:00:06\\"},{\\"m\\":\\"h3\\",\\"e\\":\\"-8.37\\",\\"c\\":\\"0:00:11\\"},{\\"m\\":\\"Rh8\\",\\"e\\":\\"-8.85\\",\\"c\\":\\"0:00:06\\"},{\\"m\\":\\"h2\\",\\"e\\":\\"-8.53\\",\\"c\\":\\"0:00:11\\"},{\\"m\\":\\"a5\\",\\"e\\":\\"#-13\\",\\"c\\":\\"0:00:05\\"},{\\"m\\":\\"Nh3\\",\\"e\\":\\"#-18\\",\\"c\\":\\"0:00:11\\"},{\\"m\\":\\"Nxg6\\",\\"e\\":\\"#-1\\",\\"c\\":\\"0:00:04\\"},{\\"m\\":\\"h1=Q#\\",\\"c\\":\\"0:00:10\\"}]},{\\"Event\\":\\"Rated Bullet game\\",\\"Site\\":\\"https://lichess.org/fXis9bS7\\",\\"Date\\":\\"2022.06.29\\",\\"White\\":\\"DrNykterstein\\",\\"Black\\":\\"Blazinq\\",\\"Result\\":\\"1-0\\",\\"UTCDate\\":\\"2022.06.29\\",\\"UTCTime\\":\\"22:37:54\\",\\"WhiteElo\\":\\"3283\\",\\"BlackElo\\":\\"3033\\",\\"WhiteRatingDiff\\":\\"+3\\",\\"BlackRatingDiff\\":\\"-2\\",\\"WhiteTitle\\":\\"GM\\",\\"BlackTitle\\":\\"FM\\",\\"Variant\\":\\"Standard\\",\\"TimeControl\\":\\"60+0\\",\\"ECO\\":\\"B23\\",\\"Opening\\":\\"Sicilian Defense: Closed\\",\\"Termination\\":\\"Normal\\",\\"moves\\":[{\\"m\\":\\"e4\\",\\"e\\":\\"0.33\\",\\"c\\":\\"0:01:00\\"},{\\"m\\":\\"c5\\",\\"e\\":\\"0.32\\",\\"c\\":\\"0:01:00\\"},{\\"m\\":\\"Nc3\\",\\"e\\":\\"0.24\\",\\"c\\":\\"0:01:00\\"},{\\"m\\":\\"d6\\",\\"e\\":\\"0.36\\",\\"c\\":\\"0:01:00\\"},{\\"m\\":\\"f4\\",\\"e\\":\\"0.0\\",\\"c\\":\\"0:01:00\\"},{\\"m\\":\\"g6\\",\\"e\\":\\"0.15\\",\\"c\\":\\"0:00:59\\"},{\\"m\\":\\"Nf3\\",\\"e\\":\\"0.0\\",\\"c\\":\\"0:01:00\\"},{\\"m\\":\\"Bg7\\",\\"e\\":\\"0.0\\",\\"c\\":\\"0:00:58\\"},{\\"m\\":\\"Bb5+\\",\\"e\\":\\"0.0\\",\\"c\\":\\"0:00:59\\"},{\\"m\\":\\"Bd7\\",\\"e\\":\\"0.06\\",\\"c\\":\\"0:00:58\\"},{\\"m\\":\\"a4\\",\\"e\\":\\"0.03\\",\\"c\\":\\"0:00:59\\"},{\\"m\\":\\"e6\\",\\"e\\":\\"0.27\\",\\"c\\":\\"0:00:56\\"},{\\"m\\":\\"O-O\\",\\"e\\":\\"0.1\\",\\"c\\":\\"0:00:58\\"},{\\"m\\":\\"Ne7\\",\\"e\\":\\"0.38\\",\\"c\\":\\"0:00:56\\"},{\\"m\\":\\"d3\\",\\"e\\":\\"-0.2\\",\\"c\\":\\"0:00:57\\"},{\\"m\\":\\"O-O\\",\\"e\\":\\"-0.17\\",\\"c\\":\\"0:00:56\\"},{\\"m\\":\\"Qe1\\",\\"e\\":\\"-0.46\\",\\"c\\":\\"0:00:57\\"},{\\"m\\":\\"a6\\",\\"e\\":\\"0.2\\",\\"c\\":\\"0:00:55\\"},{\\"m\\":\\"Bc4\\",\\"e\\":\\"-0.41\\",\\"c\\":\\"0:00:56\\"},{\\"m\\":\\"Nbc6\\",\\"e\\":\\"-0.35\\",\\"c\\":\\"0:00:51\\"},{\\"m\\":\\"f5\\",\\"e\\":\\"-0.42\\",\\"c\\":\\"0:00:56\\"},{\\"m\\":\\"gxf5\\",\\"e\\":\\"-0.44\\",\\"c\\":\\"0:00:50\\"},{\\"m\\":\\"Qh4\\",\\"e\\":\\"-1.58\\",\\"c\\":\\"0:00:55\\"},{\\"m\\":\\"Ng6\\",\\"e\\":\\"-0.22\\",\\"c\\":\\"0:00:48\\"},{\\"m\\":\\"Qh5\\",\\"e\\":\\"-0.69\\",\\"c\\":\\"0:00:54\\"},{\\"m\\":\\"fxe4\\",\\"e\\":\\"-0.04\\",\\"c\\":\\"0:00:46\\"},{\\"m\\":\\"Nxe4\\",\\"e\\":\\"0.13\\",\\"c\\":\\"0:00:51\\"},{\\"m\\":\\"d5\\",\\"e\\":\\"0.63\\",\\"c\\":\\"0:00:45\\"},{\\"m\\":\\"Nfg5\\",\\"e\\":\\"0.41\\",\\"c\\":\\"0:00:51\\"},{\\"m\\":\\"h6\\",\\"e\\":\\"0.55\\",\\"c\\":\\"0:00:44\\"},{\\"m\\":\\"Nf6+\\",\\"e\\":\\"0.0\\",\\"c\\":\\"0:00:50\\"},{\\"m\\":\\"Bxf6\\",\\"e\\":\\"0.0\\",\\"c\\":\\"0:00:39\\"},{\\"m\\":\\"Qxh6\\",\\"e\\":\\"0.0\\",\\"c\\":\\"0:00:49\\"},{\\"m\\":\\"Bxg5\\",\\"e\\":\\"3.69\\",\\"c\\":\\"0:00:27\\"},{\\"m\\":\\"Bxg5\\",\\"e\\":\\"4.44\\",\\"c\\":\\"0:00:49\\"},{\\"m\\":\\"Qxg5\\",\\"e\\":\\"6.31\\",\\"c\\":\\"0:00:24\\"},{\\"m\\":\\"Qxg5\\",\\"e\\":\\"5.69\\",\\"c\\":\\"0:00:49\\"},{\\"m\\":\\"dxc4\\",\\"e\\":\\"6.26\\",\\"c\\":\\"0:00:24\\"},{\\"m\\":\\"Rf6\\",\\"e\\":\\"5.8\\",\\"c\\":\\"0:00:48\\"},{\\"m\\":\\"Kg7\\",\\"e\\":\\"6.55\\",\\"c\\":\\"0:00:23\\"},{\\"m\\":\\"Raf1\\",\\"e\\":\\"3.2\\",\\"c\\":\\"0:00:47\\"},{\\"m\\":\\"Ne7\\",\\"e\\":\\"6.75\\",\\"c\\":\\"0:00:21\\"},{\\"m\\":\\"h4\\",\\"e\\":\\"7.29\\",\\"c\\":\\"0:00:46\\"}]}]"`;
